Initializing mutant RNA sequences...		DONE
Running OREGA calculations:
	ITERATION 1
Sequence 1:	 Score = 41.0391 	Mean Basepair Probabilty = 0.5665	Complexity = 0.404 	 Optimized Segment : GGGGGCGUAGCUCAGAGGGUAGAGCGCUCGCUUgGCgUGAGAGAGGUACCGGGAUCGaUACCCGGCGCCUCCACC
Sequence 2:	 Score = 40.4602 	Mean Basepair Probabilty = 0.5695	Complexity = 0.564 	 Optimized Segment : GGGGUCGUAGCUCAGAuGCUAGAGCGCUCGCUUgGCgUGUGAGUGGUACCGGGAUCGaUACCCGGCGCCUCCACC
Sequence 3:	 Score = 40.5461 	Mean Basepair Probabilty = 0.5635	Complexity = 0.456 	 Optimized Segment : GGGGGCGUGGCUCAGAuGGUAGAGAGCUCGCUUgGCgUGUGAGAGGUACCGGGAUCGaUAGCCGGCGCAUCCACC
Sequence 4:	 Score = 40.2860 	Mean Basepair Probabilty = 0.5610	Complexity = 0.469 	 Optimized Segment : GGGGGCGUAGCUCAGAuGGUAGAGCGCUCGCUUgGCgUGUGAGAGGUACCGGGAUCGaUACCCGGCGCCUCCACC
	ITERATION 2
Sequence 1:	 Score = 40.2001 	Mean Basepair Probabilty = 0.5598	Complexity = 0.469 	 Optimized Segment : GGGGGCGUAGCUCAGAuGGUAGAGCGCUCGCUUgGCgUGUGAGAGGUACCGGGAUCGaUACCCGGCGCCUCCACC
Sequence 2:	 Score = 40.1154 	Mean Basepair Probabilty = 0.5606	Complexity = 0.498 	 Optimized Segment : GGGGGCGUAGCUCAGAAGGUAGAGCGCUCGCUUgGCgUGUGAGAGGUACCGGGAUCGaUACCCGGCGCCUCCACC
Sequence 3:	 Score = 41.5091 	Mean Basepair Probabilty = 0.5728	Complexity = 0.405 	 Optimized Segment : GGGGGCGUAGCUCAGAuGGGAGAGCGCUCGCUUgGCgUGUGAGAGGUACCGGGAUCGaUACCCGGCGCUUCUACC
Sequence 4:	 Score = 44.2612 	Mean Basepair Probabilty = 0.6064	Complexity = 0.366 	 Optimized Segment : GGGGGCGUAGCUCAGAuGGUAGCGCGCUCGCUCgGCgUGUGAGAGGUACCGGGAUCGaUACCCGGCGCCUCCACC
	ITERATION 3
Sequence 1:	 Score = 40.2860 	Mean Basepair Probabilty = 0.5610	Complexity = 0.469 	 Optimized Segment : GGGGGCGUAGCUCAGAuGGUAGAGCGCUCGCUUgGCgUGUGAGAGGUACCGGGAUCGaUACCCGGCGCCUCCACC
Sequence 2:	 Score = 39.3067 	Mean Basepair Probabilty = 0.5550	Complexity = 0.574 	 Optimized Segment : GGGGGCCUAGCUCAGAuGGUAGAGCGCUCGCUUgGCgUGUGAGAGGUACCGGGAUCGaAACCCGGCGCCUCCACC
Sequence 3:	 Score = 40.7096 	Mean Basepair Probabilty = 0.5709	Complexity = 0.535 	 Optimized Segment : GGGGGCCUAGCUCAGAAGGUAGAGCGCUCGCUUgGCgUGUGAGAGGUACCGGGAUCGaUACCCGGCGCCUCCACC
Sequence 4:	 Score = 40.6145 	Mean Basepair Probabilty = 0.5640	Complexity = 0.450 	 Optimized Segment : GGGGGCGUAGCUCAGAuGGUAGAGCGCUCGCUUgGCgCGUGAGAGGUACCGGGAUCGaUACCCGGCGCCUCCACC

Output:   
Final Sequence 1:	 Score = 40.2860 	Mean Basepair Probabilty = 0.5610	Complexity = 0.469 	 Optimized Segment : GGGGGCGUAGCUCAGAuGGUAGAGCGCUCGCUUgGCgUGUGAGAGGUACCGGGAUCGaUACCCGGCGCCUCCACC
Final Sequence 2:	 Score = 39.3067 	Mean Basepair Probabilty = 0.5550	Complexity = 0.574 	 Optimized Segment : GGGGGCCUAGCUCAGAuGGUAGAGCGCUCGCUUgGCgUGUGAGAGGUACCGGGAUCGaAACCCGGCGCCUCCACC
Final Sequence 3:	 Score = 40.1154 	Mean Basepair Probabilty = 0.5606	Complexity = 0.498 	 Optimized Segment : GGGGGCGUAGCUCAGAAGGUAGAGCGCUCGCUUgGCgUGUGAGAGGUACCGGGAUCGaUACCCGGCGCCUCCACC
Final Sequence 4:	 Score = 40.2001 	Mean Basepair Probabilty = 0.5598	Complexity = 0.469 	 Optimized Segment : GGGGGCGUAGCUCAGAuGGUAGAGCGCUCGCUUgGCgUGUGAGAGGUACCGGGAUCGaUACCCGGCGCCUCCACC
