Initializing mutant RNA sequences...		DONE
Running OREGA calculations:
	ITERATION 1
Sequence 1:	 Score = 9.5106 	Mean Basepair Probabilty = 0.4755	Complexity = 0.611 	 Optimized Segment : CUUgGCgUGUGAGAGGGACC
Sequence 2:	 Score = 8.3966 	Mean Basepair Probabilty = 0.4198	Complexity = 0.458 	 Optimized Segment : CGUgGCgUGUGAGAGGUACA
Sequence 3:	 Score = 10.8557 	Mean Basepair Probabilty = 0.5428	Complexity = 0.667 	 Optimized Segment : CUUgGCgUGUGAGAGGUACC
Sequence 4:	 Score = 10.9223 	Mean Basepair Probabilty = 0.5461	Complexity = 0.667 	 Optimized Segment : CUUgGCgUGUGAGAGCUACC
	ITERATION 2
Sequence 1:	 Score = 10.6253 	Mean Basepair Probabilty = 0.5313	Complexity = 0.611 	 Optimized Segment : UUUgGCgUGUGAGACGUACC
Sequence 2:	 Score = 10.4862 	Mean Basepair Probabilty = 0.5243	Complexity = 0.611 	 Optimized Segment : CUUgGCgUGUGAGAGGUACU
Sequence 3:	 Score = 8.3966 	Mean Basepair Probabilty = 0.4198	Complexity = 0.458 	 Optimized Segment : CGUgGCgUGUGAGAGGUACA
Sequence 4:	 Score = 12.8492 	Mean Basepair Probabilty = 0.6425	Complexity = 0.556 	 Optimized Segment : CCUgGCgUGUGAGAGGGACC
	ITERATION 3
Sequence 1:	 Score = 6.8971 	Mean Basepair Probabilty = 0.3449	Complexity = 0.521 	 Optimized Segment : GGUgGCgUGUGAGAGGAACA
Sequence 2:	 Score = 10.4862 	Mean Basepair Probabilty = 0.5243	Complexity = 0.611 	 Optimized Segment : CUUgGCgUGUGAGAGGUACU
Sequence 3:	 Score = 8.3966 	Mean Basepair Probabilty = 0.4198	Complexity = 0.458 	 Optimized Segment : CGUgGCgUGUGAGAGGUACA
Sequence 4:	 Score = 9.2651 	Mean Basepair Probabilty = 0.4633	Complexity = 0.611 	 Optimized Segment : AUUgGCgUGUGAGAGGGACC
	ITERATION 4
Sequence 1:	 Score = 8.3966 	Mean Basepair Probabilty = 0.4198	Complexity = 0.458 	 Optimized Segment : CGUgGCgUGUGAGAGGUACA
Sequence 2:	 Score = 8.3966 	Mean Basepair Probabilty = 0.4198	Complexity = 0.458 	 Optimized Segment : CGUgGCgUGUGAGAGGUACA
Sequence 3:	 Score = 8.3966 	Mean Basepair Probabilty = 0.4198	Complexity = 0.458 	 Optimized Segment : CGUgGCgUGUGAGAGGUACA
Sequence 4:	 Score = 6.8971 	Mean Basepair Probabilty = 0.3449	Complexity = 0.521 	 Optimized Segment : GGUgGCgUGUGAGAGGAACA
	ITERATION 5
Sequence 1:	 Score = 8.3966 	Mean Basepair Probabilty = 0.4198	Complexity = 0.458 	 Optimized Segment : CGUgGCgUGUGAGAGGUACA
Sequence 2:	 Score = 8.3966 	Mean Basepair Probabilty = 0.4198	Complexity = 0.458 	 Optimized Segment : CGUgGCgUGUGAGAGGUACA
Sequence 3:	 Score = 8.9212 	Mean Basepair Probabilty = 0.4461	Complexity = 0.521 	 Optimized Segment : GGUgGCgUGUGAGAGGAACC
Sequence 4:	 Score = 6.8971 	Mean Basepair Probabilty = 0.3449	Complexity = 0.521 	 Optimized Segment : GGUgGCgUGUGAGAGGAACA
	ITERATION 6
Sequence 1:	 Score = 6.8971 	Mean Basepair Probabilty = 0.3449	Complexity = 0.521 	 Optimized Segment : GGUgGCgUGUGAGAGGAACA
Sequence 2:	 Score = 6.8971 	Mean Basepair Probabilty = 0.3449	Complexity = 0.521 	 Optimized Segment : GGUgGCgUGUGAGAGGAACA
Sequence 3:	 Score = 6.8971 	Mean Basepair Probabilty = 0.3449	Complexity = 0.521 	 Optimized Segment : GGUgGCgUGUGAGAGGAACA
Sequence 4:	 Score = 8.3966 	Mean Basepair Probabilty = 0.4198	Complexity = 0.458 	 Optimized Segment : CGUgGCgUGUGAGAGGUACA
	ITERATION 7
Sequence 1:	 Score = 6.8971 	Mean Basepair Probabilty = 0.3449	Complexity = 0.521 	 Optimized Segment : GGUgGCgUGUGAGAGGAACA
Sequence 2:	 Score = 6.8971 	Mean Basepair Probabilty = 0.3449	Complexity = 0.521 	 Optimized Segment : GGUgGCGUGUGAGAGGAACA
Sequence 3:	 Score = 6.8971 	Mean Basepair Probabilty = 0.3449	Complexity = 0.521 	 Optimized Segment : GGUgGCgUGUGAGAGGAACA
Sequence 4:	 Score = 7.2885 	Mean Basepair Probabilty = 0.3644	Complexity = 0.521 	 Optimized Segment : GGUgGCgUGUGAGGGUAAUA
	ITERATION 8
Sequence 1:	 Score = 6.8826 	Mean Basepair Probabilty = 0.3441	Complexity = 0.389 	 Optimized Segment : GGUgGCgUGUGAGAGGAAAA
Sequence 2:	 Score = 6.8554 	Mean Basepair Probabilty = 0.3428	Complexity = 0.521 	 Optimized Segment : GGUgGCgUGUGAGAGCAACA
Sequence 3:	 Score = 6.8971 	Mean Basepair Probabilty = 0.3449	Complexity = 0.521 	 Optimized Segment : GGUgGCgUGUGAGAGGAACA
Sequence 4:	 Score = 6.9182 	Mean Basepair Probabilty = 0.3459	Complexity = 0.521 	 Optimized Segment : GGUgGCgUGUGCGAGGAACA
	ITERATION 9
Sequence 1:	 Score = 6.8971 	Mean Basepair Probabilty = 0.3449	Complexity = 0.521 	 Optimized Segment : GGUgGCgUGUGAGAGGAACA
Sequence 2:	 Score = 6.8971 	Mean Basepair Probabilty = 0.3449	Complexity = 0.521 	 Optimized Segment : GGUgGCgUGUGAGAGGAACA
Sequence 3:	 Score = 6.8554 	Mean Basepair Probabilty = 0.3428	Complexity = 0.521 	 Optimized Segment : GGUgGCgUGUGAGAGCAACA
Sequence 4:	 Score = 6.8826 	Mean Basepair Probabilty = 0.3441	Complexity = 0.389 	 Optimized Segment : GGUgGCgUGUGAGAGGAAAA
	ITERATION 10
Sequence 1:	 Score = 7.7259 	Mean Basepair Probabilty = 0.3863	Complexity = 0.469 	 Optimized Segment : GCUgGCgUGUGAGAGGAAAA
Sequence 2:	 Score = 6.8554 	Mean Basepair Probabilty = 0.3428	Complexity = 0.521 	 Optimized Segment : GGUgGCgUGUGAGAGCAACA
Sequence 3:	 Score = 6.8554 	Mean Basepair Probabilty = 0.3428	Complexity = 0.521 	 Optimized Segment : GGUgGCgUGUGAGAGCAACA
Sequence 4:	 Score = 6.9119 	Mean Basepair Probabilty = 0.3456	Complexity = 0.521 	 Optimized Segment : GGUgGCgUGUGAGAGGACAA
	ITERATION 11
Sequence 1:	 Score = 6.8554 	Mean Basepair Probabilty = 0.3428	Complexity = 0.521 	 Optimized Segment : GGUgGCgUGUGAGAGCAACA
Sequence 2:	 Score = 7.2286 	Mean Basepair Probabilty = 0.3614	Complexity = 0.708 	 Optimized Segment : GGUgGCgUGUUAGAGCAACA
Sequence 3:	 Score = 6.8554 	Mean Basepair Probabilty = 0.3428	Complexity = 0.521 	 Optimized Segment : GGUgGCgUGUGAGAGCAACA
Sequence 4:	 Score = 6.8554 	Mean Basepair Probabilty = 0.3428	Complexity = 0.521 	 Optimized Segment : GGUgGCgUGUGAGAGCAACA
	ITERATION 12
Sequence 1:	 Score = 6.8554 	Mean Basepair Probabilty = 0.3428	Complexity = 0.521 	 Optimized Segment : GGUgGCgUGUGAGAGCAACA
Sequence 2:	 Score = 6.8554 	Mean Basepair Probabilty = 0.3428	Complexity = 0.521 	 Optimized Segment : GGUgGCgUGUGAGAGCAACA
Sequence 3:	 Score = 6.8554 	Mean Basepair Probabilty = 0.3428	Complexity = 0.521 	 Optimized Segment : GGUgGCgUGUGAGAGCAACA
Sequence 4:	 Score = 6.8554 	Mean Basepair Probabilty = 0.3428	Complexity = 0.521 	 Optimized Segment : GGUgGCgUGUGAGAGCAACA
	ITERATION 13
Sequence 1:	 Score = 6.8554 	Mean Basepair Probabilty = 0.3428	Complexity = 0.521 	 Optimized Segment : GGUgGCgUGUGAGAGCAACA
Sequence 2:	 Score = 6.8554 	Mean Basepair Probabilty = 0.3428	Complexity = 0.521 	 Optimized Segment : GGUgGCgUGUGAGAGCAACA
Sequence 3:	 Score = 6.8554 	Mean Basepair Probabilty = 0.3428	Complexity = 0.521 	 Optimized Segment : GGUgGCgUGUGAGAGCAACA
Sequence 4:	 Score = 6.8888 	Mean Basepair Probabilty = 0.3444	Complexity = 0.294 	 Optimized Segment : GGUgGGgUGUGAGAGAAACA
	ITERATION 14
Sequence 1:	 Score = 8.8757 	Mean Basepair Probabilty = 0.4438	Complexity = 0.575 	 Optimized Segment : GGUgGCgGGUGAGACCAACA
Sequence 2:	 Score = 8.6997 	Mean Basepair Probabilty = 0.4350	Complexity = 0.611 	 Optimized Segment : GCUgGCgUGUGAGAGCAUCA
Sequence 3:	 Score = 6.2379 	Mean Basepair Probabilty = 0.3119	Complexity = 0.521 	 Optimized Segment : GGUgGCgAGUGAGAGCAACA
Sequence 4:	 Score = 6.8554 	Mean Basepair Probabilty = 0.3428	Complexity = 0.521 	 Optimized Segment : GGUgGCgUGUGAGAGCAACA
	ITERATION 15
Sequence 1:	 Score = 6.8554 	Mean Basepair Probabilty = 0.3428	Complexity = 0.521 	 Optimized Segment : GGUgGCgUGUGAGAGCAACA
Sequence 2:	 Score = 7.8094 	Mean Basepair Probabilty = 0.3905	Complexity = 0.667 	 Optimized Segment : GGUgGCgUGUGAUAGCAACA
Sequence 3:	 Score = 6.7986 	Mean Basepair Probabilty = 0.3399	Complexity = 0.521 	 Optimized Segment : GGUgGCAUGUGAGAGCAACA
Sequence 4:	 Score = 6.2379 	Mean Basepair Probabilty = 0.3119	Complexity = 0.521 	 Optimized Segment : GGUgGCgAGUGAGAGCAACA
	ITERATION 16
Sequence 1:	 Score = 6.8597 	Mean Basepair Probabilty = 0.3430	Complexity = 0.611 	 Optimized Segment : GGUCGCgUGUGAGAGCAACA
Sequence 2:	 Score = 9.0090 	Mean Basepair Probabilty = 0.4504	Complexity = 0.458 	 Optimized Segment : GGUgGCgAGUGUGAACAACA
Sequence 3:	 Score = 6.7986 	Mean Basepair Probabilty = 0.3399	Complexity = 0.521 	 Optimized Segment : GGUgGCAUGUGAGAGCAACA
Sequence 4:	 Score = 6.2379 	Mean Basepair Probabilty = 0.3119	Complexity = 0.521 	 Optimized Segment : GGUgGCgAGUGAGAGCAACA
	ITERATION 17
Sequence 1:	 Score = 6.2379 	Mean Basepair Probabilty = 0.3119	Complexity = 0.521 	 Optimized Segment : GGUgGCgAGUGAGAGCAACA
Sequence 2:	 Score = 7.7734 	Mean Basepair Probabilty = 0.3887	Complexity = 0.521 	 Optimized Segment : GGUgGCgAGUGAGCGCAACA
Sequence 3:	 Score = 6.7935 	Mean Basepair Probabilty = 0.3397	Complexity = 0.573 	 Optimized Segment : GGUgGUAUGUGAGAGCAACA
Sequence 4:	 Score = 6.2379 	Mean Basepair Probabilty = 0.3119	Complexity = 0.521 	 Optimized Segment : GGUgGCgAGUGAGAGCAACA
	ITERATION 18
Sequence 1:	 Score = 6.2379 	Mean Basepair Probabilty = 0.3119	Complexity = 0.521 	 Optimized Segment : GGUgGCgAGUGAGAGCAACA
Sequence 2:	 Score = 6.2379 	Mean Basepair Probabilty = 0.3119	Complexity = 0.521 	 Optimized Segment : GGUgGCgAGUGAGAGCAACA
Sequence 3:	 Score = 6.2379 	Mean Basepair Probabilty = 0.3119	Complexity = 0.521 	 Optimized Segment : GGUgGCgAGUGAGAGCAACA
Sequence 4:	 Score = 6.2379 	Mean Basepair Probabilty = 0.3119	Complexity = 0.521 	 Optimized Segment : GGUgGCgAGUGAGAGCAACA
	ITERATION 19
Sequence 1:	 Score = 6.2379 	Mean Basepair Probabilty = 0.3119	Complexity = 0.521 	 Optimized Segment : GGUgGCgAGUGAGAGCAACA
Sequence 2:	 Score = 7.1416 	Mean Basepair Probabilty = 0.3571	Complexity = 0.521 	 Optimized Segment : CGUgGCgAGUGAGAGCAACA
Sequence 3:	 Score = 6.2379 	Mean Basepair Probabilty = 0.3119	Complexity = 0.521 	 Optimized Segment : GGUgGCgAGUGAGAGCAACA
Sequence 4:	 Score = 6.2379 	Mean Basepair Probabilty = 0.3119	Complexity = 0.521 	 Optimized Segment : GGUgGCgAGUGAGAGCAACA
	ITERATION 20
Sequence 1:	 Score = 6.2379 	Mean Basepair Probabilty = 0.3119	Complexity = 0.521 	 Optimized Segment : GGUgGCgAGUGAGAGCAACA
Sequence 2:	 Score = 6.2379 	Mean Basepair Probabilty = 0.3119	Complexity = 0.521 	 Optimized Segment : GGUgGCgAGUGAGAGCAACA
Sequence 3:	 Score = 6.2379 	Mean Basepair Probabilty = 0.3119	Complexity = 0.521 	 Optimized Segment : GGUgGCgAGUGAGAGCAACA
Sequence 4:	 Score = 6.2379 	Mean Basepair Probabilty = 0.3119	Complexity = 0.521 	 Optimized Segment : GGUgGCgAGUGAGAGCAACA

Output:   
Final Sequence 1:	 Score = 6.2379 	Mean Basepair Probabilty = 0.3119	Complexity = 0.521 	 Optimized Segment : GGUgGCgAGUGAGAGCAACA
Final Sequence 2:	 Score = 6.2379 	Mean Basepair Probabilty = 0.3119	Complexity = 0.521 	 Optimized Segment : GGUgGCgAGUGAGAGCAACA
Final Sequence 3:	 Score = 6.2379 	Mean Basepair Probabilty = 0.3119	Complexity = 0.521 	 Optimized Segment : GGUgGCgAGUGAGAGCAACA
Final Sequence 4:	 Score = 6.2379 	Mean Basepair Probabilty = 0.3119	Complexity = 0.521 	 Optimized Segment : GGUgGCgAGUGAGAGCAACA
