Initializing mutant RNA sequences...		DONE
Running OREGA calculations:
	ITERATION 1
Sequence 1:	 Score = 7.7700 	Mean Basepair Probabilty = 0.5110	Complexity = 0.490 	 Optimized Segment : GGGGGCGUAGCUCAGAGGGU
Sequence 2:	 Score = 7.0541 	Mean Basepair Probabilty = 0.5096	Complexity = 0.627 	 Optimized Segment : GGGGGCGUAGCUCAGAuGGA
Sequence 3:	 Score = 7.1187 	Mean Basepair Probabilty = 0.5128	Complexity = 0.627 	 Optimized Segment : GGGGGCGUAGCUCAGAuGGU
Sequence 4:	 Score = 8.2118 	Mean Basepair Probabilty = 0.5178	Complexity = 0.429 	 Optimized Segment : GGGGGCGUAGCUCAGCuGGU
	ITERATION 2
Sequence 1:	 Score = 6.5375 	Mean Basepair Probabilty = 0.4935	Complexity = 0.667 	 Optimized Segment : UGGGGCGUAGCUCACAuGGU
Sequence 2:	 Score = 7.1187 	Mean Basepair Probabilty = 0.5128	Complexity = 0.627 	 Optimized Segment : GGGGGCGUAGCUCAGAuGGU
Sequence 3:	 Score = 7.1187 	Mean Basepair Probabilty = 0.5128	Complexity = 0.627 	 Optimized Segment : GGGGGCGUAGCUCAGAuGGU
Sequence 4:	 Score = 6.9674 	Mean Basepair Probabilty = 0.5255	Complexity = 0.708 	 Optimized Segment : GCGGGCGUAGCUCAGAuGGA
	ITERATION 3
Sequence 1:	 Score = 7.3456 	Mean Basepair Probabilty = 0.5111	Complexity = 0.575 	 Optimized Segment : GGGGGCGUAGCUCAGAAGGU
Sequence 2:	 Score = 6.9674 	Mean Basepair Probabilty = 0.5255	Complexity = 0.708 	 Optimized Segment : GCGGGCGUAGCUCAGAuGGA
Sequence 3:	 Score = 7.4054 	Mean Basepair Probabilty = 0.5369	Complexity = 0.667 	 Optimized Segment : UGGGGCGUAGCUGACAuGGU
Sequence 4:	 Score = 5.1736 	Mean Basepair Probabilty = 0.4358	Complexity = 0.708 	 Optimized Segment : AGGGGCGUAGCUCAGAuGGA

Output:   
Final Sequence 1:	 Score = 5.1736 	Mean Basepair Probabilty = 0.4358	Complexity = 0.708 	 Optimized Segment : AGGGGCGUAGCUCAGAuGGA
Final Sequence 2:	 Score = 6.9674 	Mean Basepair Probabilty = 0.5255	Complexity = 0.708 	 Optimized Segment : GCGGGCGUAGCUCAGAuGGA
Final Sequence 3:	 Score = 6.5375 	Mean Basepair Probabilty = 0.4935	Complexity = 0.667 	 Optimized Segment : UGGGGCGUAGCUCACAuGGU
Final Sequence 4:	 Score = 6.9674 	Mean Basepair Probabilty = 0.5255	Complexity = 0.708 	 Optimized Segment : GCGGGCGUAGCUCAGAuGGA
